(0, 'OK', 9.3, 1)
(1, 'OK', 8.7, 1)
(2, 'OK', 6.2, 1)
(3, 'OK', 8.4, 1)
(4, 'OK', 7.1, 1)
(5, 'OK', 6.5, 1)
(6, 'OK', 8.8, 1)
(7, 'OK', 6.9, 1)
(8, 'OK', 6.9, 1)
(9, 'OK', 7.4, 1)
(10, 'OK', 7.2, 1)
(11, 'OK', 5.4, 1)
(12, 'OK', 9.3, 1)
(13, 'OK', 6.5, 1)
(14, 'OK', 7.9, 1)
(15, 'OK', 6.9, 1)
(16, 'OK', 7.4, 1)
(17, 'OK', 5.8, 1)
(18, 'OK', 7.7, 1)
(19, 'OK', 7.4, 1)
(20, 'OK', 5.9, 1)
(21, 'OK', 6.4, 1)
(22, 'OK', 7.9, 1)
(23, 'OK', 5.3, 1)
(24, 'OK', 10.2, 1)
(25, 'OK', 7.2, 1)
(26, 'OK', 5.7, 1)
(27, 'OK', 6.3, 1)
(28, 'OK', 7.5, 1)
(29, 'OK', 5.1, 1)
(30, 'OK', 8.7, 1)
(31, 'OK', 6.9, 1)
(32, 'OK', 6.2, 1)
(33, 'OK', 7.8, 1)
(34, 'OK', 6.5, 1)
(35, 'OK', 5.7, 1)
(36, 'OK', 7.6, 1)
(37, 'OK', 6.2, 1)
(38, 'OK', 6.0, 1)
(39, 'OK', 8.4, 1)
(40, 'OK', 7.4, 1)
(41, 'OK', 5.3, 1)
(42, 'OK', 9.7, 1)
(43, 'OK', 8.5, 1)
(44, 'OK', 7.3, 1)
(45, 'OK', 6.2, 1)
(46, 'OK', 7.1, 1)
(47, 'OK', 5.4, 1)
(48, 'OK', 7.7, 1)
(49, 'OK', 6.5, 1)
(50, 'OK', 5.5, 1)
(51, 'OK', 5.5, 1)
(52, 'OK', 6.2, 1)
(53, 'OK', 5.4, 1)
(54, 'OK', 6.7, 1)
(55, 'OK', 6.0, 1)
(56, 'OK', 5.3, 1)
(57, 'OK', 4.3, 1)
(58, 'OK', 4.6, 1)
(59, 'OK', 3.6, 1)
{"ok": 60, "total": 60, "failures": 0, "elapsed_s": 27.0, "engine_alive": "\n\nALIVE"}
