==== ornith (ornith-ai/Ornith-1.0-35B-FP8) START Thu Aug 20 12:58:08 PM CDT 2026 ====
[P1] stats CLI
P1: PASS
[P2] LRU cache + bundled tests
P2: PASS
[P3] Roman numerals iterate-until-green
P3: PASS green in 2
[P4] stable softmax vs oracle
P4: PASS in 3
[P5] matmul GFLOP/s
P5: round 2 -> 98.4905 GFLOP/s
P5: PASS 98.4905 GFLOP/s
[P6] reproducible FP reduction
P6: PASS critic+verifier in 1
[P7] parallel backends fan-out
P7: PASS
[P8] ODE convergence + reflection
P8: PASS in 2
P8: memory.md 401->562 bytes
[P9] levenshtein tournament best-of-4
P9: cand_2 score=77.076
P9: cand_3 score=64.805
P9: cand_4 score=67.324
P9: PASS champion=cand_2 @ 77.076
[P10] prime sieve capstone
P10: cand_1 verdict=CLEAN score=85.6026
P10: cand_2 verdict=CLEAN score=79.8313
P10: cand_3 verdict=CLEAN score=50.9006
P10: PASS champion=cand_1 @ 85.6026
[P11] balanced parens iterate-until-green
P11: PASS green in 2
[P12] base-N conversion oracle
P12: PASS in 2
[P13] mini-JSON parser iterate-until-green
P13: PASS green in 2
[P14] weighted Dijkstra vs BFS-ref oracle
P14: PASS in 2
[P15] word-frequency top-k measurement (Mtok/s)
P15: round 1 -> 0.2659 Mtok/s
P15: round 2 -> 52.8412 Mtok/s
P15: PASS 52.8412 Mtok/s
[P16] thread-safe counter generator+critic
P16: PASS critic+verifier in 1
[P17] serializer fan-out (csv/kv/pylit + codec)
P17: PASS
[P18] Welford online variance reflection
P18: PASS in 2
[P19] fast-doubling Fibonacci tournament
P19: cand_1 score=334.7835
P19: cand_2 score=331.2987
P19: cand_3 score=337.3460
P19: cand_4 score=346.5107
P19: PASS champion=cand_4 @ 346.5107
[P20] TTL-LRU with injected clock iterate-until-green
P20: PASS green in 2
[P21] interval merge oracle
P21: PASS in 2
[P22] toposort + cycle detect iterate-until-green
P22: PASS green in 2
[P23] prime-count sieve measurement (Mn/s)
P23: round 1 -> 0.4580 Mn/s
P23: round 2 -> 163.5693 Mn/s
P23: PASS 163.5693 Mn/s
[P24] token-bucket rate limiter generator+critic
P24: PASS critic+verifier in 2
[P25] 3-stage stats pipeline fan-out
P25: PASS
[P26] Newton sqrt to full precision reflection
P26: PASS in 2
[P27] overlapping substring count tournament
P27: cand_1 score=0.7951
P27: cand_2 score=0.7840
P27: cand_3 score=0.2405
P27: cand_4 score=0.2391
P27: PASS champion=cand_1 @ 0.7951
[P28] matrix determinant vs numpy oracle
P28: PASS in 2
[P29] precedence calculator (no eval) iterate-until-green
P29: PASS green in 2
[P30] sort-kernel capstone tournament + critic + bench
P30: cand_1 verdict=VERDICT: CLEAN score=9.9340
P30: cand_2 verdict=VERDICT: FIXED score=1.2034
P30: cand_3 verdict=VERDICT: CLEAN score=2.8413
P30: PASS champion=cand_1 @ 9.9340
==== ornith DONE Thu Aug 20 02:08:32 PM CDT 2026 ====
===== SUMMARY (ornith / ornith-ai/Ornith-1.0-35B-FP8) =====
P1: PASS
P2: PASS
P3: PASS green in 2
P4: PASS in 3
P5: PASS 98.4905 GFLOP/s
P6: PASS critic+verifier in 1
P7: PASS
P8: PASS in 2
P9: PASS champion=cand_2 @ 77.076
P10: PASS champion=cand_1 @ 85.6026
P11: PASS green in 2
P12: PASS in 2
P13: PASS green in 2
P14: PASS in 2
P15: PASS 52.8412 Mtok/s
P16: PASS critic+verifier in 1
P17: PASS
P18: PASS in 2
P19: PASS champion=cand_4 @ 346.5107
P20: PASS green in 2
P21: PASS in 2
P22: PASS green in 2
P23: PASS 163.5693 Mn/s
P24: PASS critic+verifier in 2
P25: PASS
P26: PASS in 2
P27: PASS champion=cand_1 @ 0.7951
P28: PASS in 2
P29: PASS green in 2
P30: PASS champion=cand_1 @ 9.9340
SCORE: 30/30 passed
SCORE_LINE: SCORE: 30/30 passed
