VALIDATED exact stored prompts for 47 target IDs
Replaying 47 Lightning IFEval prompts at max_tokens=65536, c=4
[1/47] doc 7: RECOVERED finish=stop tok=3242 elapsed=74s
[2/47] doc 37: RECOVERED finish=stop tok=6515 elapsed=225s
[3/47] doc 23: RECOVERED finish=stop tok=12182 elapsed=282s
[4/47] doc 40: RECOVERED finish=stop tok=2295 elapsed=336s
[5/47] doc 31: RECOVERED finish=stop tok=15591 elapsed=362s
[6/47] doc 39: RECOVERED finish=stop tok=6533 elapsed=378s
[7/47] doc 95: RECOVERED finish=stop tok=2579 elapsed=438s
[8/47] doc 9: RECOVERED finish=stop tok=20235 elapsed=469s
[9/47] doc 112: RECOVERED finish=stop tok=3291 elapsed=544s
[10/47] doc 107: RECOVERED finish=stop tok=11184 elapsed=698s
[11/47] doc 130: RECOVERED finish=stop tok=3118 elapsed=771s
[12/47] doc 120: RECOVERED finish=stop tok=15139 elapsed=902s
[13/47] doc 74: RECOVERED finish=stop tok=24983 elapsed=948s
[14/47] doc 147: RECOVERED finish=stop tok=8215 elapsed=967s
[15/47] doc 153: RECOVERED finish=stop tok=10161 elapsed=1141s
[16/47] doc 170: RECOVERED finish=stop tok=11614 elapsed=1417s
[17/47] doc 161: RECOVERED finish=stop tok=31883 elapsed=1705s
[18/47] doc 180: RECOVERED finish=stop tok=14672 elapsed=1769s
[19/47] doc 182: RECOVERED finish=stop tok=6695 elapsed=1867s
[20/47] doc 59: BUDGET finish=length tok=65536 elapsed=1887s
[21/47] doc 226: RECOVERED finish=stop tok=5775 elapsed=2025s
[22/47] doc 235: RECOVERED finish=stop tok=11090 elapsed=2293s
[23/47] doc 222: RECOVERED finish=stop tok=23284 elapsed=2428s
[24/47] doc 162: BUDGET finish=length tok=65536 elapsed=2538s
[25/47] doc 237: RECOVERED finish=stop tok=13389 elapsed=2750s
[26/47] doc 251: RECOVERED finish=stop tok=11805 elapsed=2820s
[27/47] doc 296: RECOVERED finish=stop tok=11929 elapsed=3039s
[28/47] doc 366: RECOVERED finish=stop tok=2475 elapsed=3099s
[29/47] doc 320: RECOVERED finish=stop tok=12414 elapsed=3122s
[30/47] doc 236: RECOVERED finish=stop tok=37411 elapsed=3198s
[31/47] doc 193: BUDGET finish=length tok=65536 elapsed=3352s
[32/47] doc 385: RECOVERED finish=stop tok=11773 elapsed=3406s
[33/47] doc 393: RECOVERED finish=stop tok=6931 elapsed=3516s
[34/47] doc 399: RECOVERED finish=stop tok=4666 elapsed=3516s
[35/47] doc 414: RECOVERED finish=stop tok=9892 elapsed=3752s
[36/47] doc 391: RECOVERED finish=stop tok=24475 elapsed=3783s
[37/47] doc 400: RECOVERED finish=stop tok=19762 elapsed=3988s
[38/47] doc 444: RECOVERED finish=stop tok=14611 elapsed=4102s
[39/47] doc 461: RECOVERED finish=stop tok=14491 elapsed=4130s
[40/47] doc 485: RECOVERED finish=stop tok=6858 elapsed=4295s
[41/47] doc 468: RECOVERED finish=stop tok=17559 elapsed=4411s
[42/47] doc 495: RECOVERED finish=stop tok=8714 elapsed=4505s
[43/47] doc 370: BUDGET finish=length tok=65536 elapsed=4671s
[44/47] doc 501: RECOVERED finish=stop tok=12663 elapsed=4714s
[45/47] doc 528: RECOVERED finish=stop tok=9551 elapsed=4895s
[46/47] doc 511: RECOVERED finish=stop tok=23715 elapsed=5020s
[47/47] doc 476: BUDGET finish=length tok=65536 elapsed=5362s
verdicts: {'RECOVERED': 42, 'BUDGET': 5}
